// Jest Snapshot v1, https://goo.gl/fbAQLP

exports[`Logintest 1 TestCase1 1`] = `
<View
  style={
    Object {
      "alignItems": "center",
      "backgroundColor": "#fff",
      "flex": 1,
      "justifyContent": "center",
    }
  }
>
  <Image
    source={
      Object {
        "testUri": "../../../Src/assets/shark.jpeg",
      }
    }
    style={
      Object {
        "marginBottom": 80,
        "marginTop": 40,
      }
    }
  />
  <View
    style={
      Object {
        "alignItems": "center",
        "backgroundColor": "#87CEFA",
        "borderRadius": 10,
        "height": 45,
        "marginBottom": 20,
        "width": "70%",
      }
    }
  >
    <TextInput
      onChangeText={[Function]}
      placeholder="Email"
      placeholderTextColor="#00008B"
      style={
        Object {
          "flex": 1,
          "height": 50,
          "marginLeft": 20,
          "padding": 10,
        }
      }
    />
  </View>
  <Text />
  <View
    style={
      Object {
        "alignItems": "center",
        "backgroundColor": "#87CEFA",
        "borderRadius": 10,
        "height": 45,
        "marginBottom": 20,
        "width": "70%",
      }
    }
  >
    <TextInput
      onChangeText={[Function]}
      placeholder="Password"
      placeholderTextColor="#00008B"
      secureTextEntry={true}
      style={
        Object {
          "flex": 1,
          "height": 50,
          "marginLeft": 20,
          "padding": 10,
        }
      }
    />
  </View>
  <Text />
  <TouchableOpacity
    onPress={[Function]}
    style={
      Object {
        "alignItems": "center",
        "backgroundColor": "#483D8B",
        "borderRadius": 25,
        "height": 50,
        "justifyContent": "center",
        "marginTop": 40,
        "width": "80%",
      }
    }
  >
    <Text
      style={
        Object {
          "backgroundColor": "#483D8B",
          "color": "white",
          "fontSize": 20,
          "fontWeight": "bold",
        }
      }
    >
      LOGIN
    </Text>
  </TouchableOpacity>
  <TouchableOpacity
    onPress={[Function]}
  >
    <Text
      style={
        Object {
          "height": 30,
          "marginBottom": 30,
          "marginTop": 10,
        }
      }
    >
      Don't Have An Accout ? Please Register
    </Text>
  </TouchableOpacity>
</View>
`;
